app/(course)/courses/[courseId]/chapters/[chapterId]/page.tsx(72,15): error TS2322: Type 'string | null | undefined' is not assignable to type 'string | undefined'.
  Type 'null' is not assignable to type 'string | undefined'.
app/(course)/courses/[courseId]/layout.tsx(64,13): error TS2322: Type '{ chapters: { id: string; title: string; description: string | null; videoUrl: string | null; position: number; isPublished: boolean; isFree: boolean; courseId: string; createdAt: Date; updatedAt: Date; }[]; } & { ...; }' is not assignable to type '{ id: string; userId: string; title: string; description: string | null; imageUrl: string | null; price: number | null; isPublished: boolean; maxCapacity: number | null; categoryId: string | null; createdAt: Date; updatedAt: Date; } & { ...; }'.
  Type '{ chapters: { id: string; title: string; description: string | null; videoUrl: string | null; position: number; isPublished: boolean; isFree: boolean; courseId: string; createdAt: Date; updatedAt: Date; }[]; } & { ...; }' is not assignable to type '{ chapters: ({ id: string; title: string; description: string | null; videoUrl: string | null; position: number; isPublished: boolean; isFree: boolean; courseId: string; createdAt: Date; updatedAt: Date; } & { ...; })[]; }'.
    Types of property 'chapters' are incompatible.
      Type '{ id: string; title: string; description: string | null; videoUrl: string | null; position: number; isPublished: boolean; isFree: boolean; courseId: string; createdAt: Date; updatedAt: Date; }[]' is not assignable to type '({ id: string; title: string; description: string | null; videoUrl: string | null; position: number; isPublished: boolean; isFree: boolean; courseId: string; createdAt: Date; updatedAt: Date; } & { ...; })[]'.
        Type '{ id: string; title: string; description: string | null; videoUrl: string | null; position: number; isPublished: boolean; isFree: boolean; courseId: string; createdAt: Date; updatedAt: Date; }' is not assignable to type '{ id: string; title: string; description: string | null; videoUrl: string | null; position: number; isPublished: boolean; isFree: boolean; courseId: string; createdAt: Date; updatedAt: Date; } & { ...; }'.
          Property 'userProgress' is missing in type '{ id: string; title: string; description: string | null; videoUrl: string | null; position: number; isPublished: boolean; isFree: boolean; courseId: string; createdAt: Date; updatedAt: Date; }' but required in type '{ userProgress: { id: string; userId: string; chapterId: string; isCompleted: boolean; createdAt: Date; updatedAt: Date; }[] | null; }'.
app/(course)/courses/[courseId]/layout.tsx(70,13): error TS2322: Type '{ chapters: { id: string; title: string; description: string | null; videoUrl: string | null; position: number; isPublished: boolean; isFree: boolean; courseId: string; createdAt: Date; updatedAt: Date; }[]; } & { ...; }' is not assignable to type '{ id: string; userId: string; title: string; description: string | null; imageUrl: string | null; price: number | null; isPublished: boolean; maxCapacity: number | null; categoryId: string | null; createdAt: Date; updatedAt: Date; } & { ...; }'.
  Type '{ chapters: { id: string; title: string; description: string | null; videoUrl: string | null; position: number; isPublished: boolean; isFree: boolean; courseId: string; createdAt: Date; updatedAt: Date; }[]; } & { ...; }' is not assignable to type '{ chapters: ({ id: string; title: string; description: string | null; videoUrl: string | null; position: number; isPublished: boolean; isFree: boolean; courseId: string; createdAt: Date; updatedAt: Date; } & { ...; })[]; }'.
    Types of property 'chapters' are incompatible.
      Type '{ id: string; title: string; description: string | null; videoUrl: string | null; position: number; isPublished: boolean; isFree: boolean; courseId: string; createdAt: Date; updatedAt: Date; }[]' is not assignable to type '({ id: string; title: string; description: string | null; videoUrl: string | null; position: number; isPublished: boolean; isFree: boolean; courseId: string; createdAt: Date; updatedAt: Date; } & { ...; })[]'.
        Type '{ id: string; title: string; description: string | null; videoUrl: string | null; position: number; isPublished: boolean; isFree: boolean; courseId: string; createdAt: Date; updatedAt: Date; }' is not assignable to type '{ id: string; title: string; description: string | null; videoUrl: string | null; position: number; isPublished: boolean; isFree: boolean; courseId: string; createdAt: Date; updatedAt: Date; } & { ...; }'.
          Property 'userProgress' is missing in type '{ id: string; title: string; description: string | null; videoUrl: string | null; position: number; isPublished: boolean; isFree: boolean; courseId: string; createdAt: Date; updatedAt: Date; }' but required in type '{ userProgress: { id: string; userId: string; chapterId: string; isCompleted: boolean; createdAt: Date; updatedAt: Date; }[] | null; }'.
app/(dashboard)/teacher/courses/[courseId]/_components/capacity-form.tsx(46,5): error TS2322: Type 'Resolver<{ maxCapacity: unknown; }, any, { maxCapacity: number | null; }>' is not assignable to type 'Resolver<{ maxCapacity: number | null; }, any, { maxCapacity: number | null; }>'.
  Types of parameters 'options' and 'options' are incompatible.
    Type 'ResolverOptions<{ maxCapacity: number | null; }>' is not assignable to type 'ResolverOptions<{ maxCapacity: unknown; }>'.
      Type 'unknown' is not assignable to type 'number | null'.
app/(dashboard)/teacher/courses/[courseId]/_components/capacity-form.tsx(97,41): error TS2345: Argument of type '(values: z.infer<typeof formSchema>) => Promise<void>' is not assignable to parameter of type 'SubmitHandler<TFieldValues>'.
  Types of parameters 'values' and 'data' are incompatible.
    Type 'TFieldValues' is not assignable to type '{ maxCapacity: number | null; }'.
      Property 'maxCapacity' is missing in type 'FieldValues' but required in type '{ maxCapacity: number | null; }'.
app/(dashboard)/teacher/courses/[courseId]/_components/capacity-form.tsx(101,15): error TS2322: Type 'Control<{ maxCapacity: number | null; }, any, TFieldValues>' is not assignable to type 'Control<{ maxCapacity: number | null; }, any, { maxCapacity: number | null; }>'.
  The types of '_options.resolver' are incompatible between these types.
    Type 'Resolver<{ maxCapacity: number | null; }, any, TFieldValues> | undefined' is not assignable to type 'Resolver<{ maxCapacity: number | null; }, any, { maxCapacity: number | null; }> | undefined'.
      Type 'Resolver<{ maxCapacity: number | null; }, any, TFieldValues>' is not assignable to type 'Resolver<{ maxCapacity: number | null; }, any, { maxCapacity: number | null; }>'.
        Type 'ResolverResult<{ maxCapacity: number | null; }, TFieldValues> | Promise<ResolverResult<{ maxCapacity: number | null; }, TFieldValues>>' is not assignable to type 'ResolverResult<{ maxCapacity: number | null; }, { maxCapacity: number | null; }> | Promise<ResolverResult<{ maxCapacity: number | null; }, { maxCapacity: number | null; }>>'.
          Type 'ResolverSuccess<TFieldValues>' is not assignable to type 'ResolverResult<{ maxCapacity: number | null; }, { maxCapacity: number | null; }> | Promise<ResolverResult<{ maxCapacity: number | null; }, { maxCapacity: number | null; }>>'.
            Type 'ResolverSuccess<TFieldValues>' is not assignable to type 'ResolverSuccess<{ maxCapacity: number | null; }>'.
              Type 'TFieldValues' is not assignable to type '{ maxCapacity: number | null; }'.
                Property 'maxCapacity' is missing in type 'FieldValues' but required in type '{ maxCapacity: number | null; }'.
app/(dashboard)/teacher/courses/[courseId]/_components/price-form.tsx(46,5): error TS2322: Type 'Resolver<{ price: unknown; }, any, { price: number; }>' is not assignable to type 'Resolver<{ price: number; }, any, { price: number; }>'.
  Types of parameters 'options' and 'options' are incompatible.
    Type 'ResolverOptions<{ price: number; }>' is not assignable to type 'ResolverOptions<{ price: unknown; }>'.
      Type 'unknown' is not assignable to type 'number'.
app/(dashboard)/teacher/courses/[courseId]/_components/price-form.tsx(94,41): error TS2345: Argument of type '(values: z.infer<typeof formSchema>) => Promise<void>' is not assignable to parameter of type 'SubmitHandler<TFieldValues>'.
  Types of parameters 'values' and 'data' are incompatible.
    Type 'TFieldValues' is not assignable to type '{ price: number; }'.
      Property 'price' is missing in type 'FieldValues' but required in type '{ price: number; }'.
app/(dashboard)/teacher/courses/[courseId]/_components/price-form.tsx(98,15): error TS2322: Type 'Control<{ price: number; }, any, TFieldValues>' is not assignable to type 'Control<{ price: number; }, any, { price: number; }>'.
  The types of '_options.resolver' are incompatible between these types.
    Type 'Resolver<{ price: number; }, any, TFieldValues> | undefined' is not assignable to type 'Resolver<{ price: number; }, any, { price: number; }> | undefined'.
      Type 'Resolver<{ price: number; }, any, TFieldValues>' is not assignable to type 'Resolver<{ price: number; }, any, { price: number; }>'.
        Type 'ResolverResult<{ price: number; }, TFieldValues> | Promise<ResolverResult<{ price: number; }, TFieldValues>>' is not assignable to type 'ResolverResult<{ price: number; }, { price: number; }> | Promise<ResolverResult<{ price: number; }, { price: number; }>>'.
          Type 'ResolverSuccess<TFieldValues>' is not assignable to type 'ResolverResult<{ price: number; }, { price: number; }> | Promise<ResolverResult<{ price: number; }, { price: number; }>>'.
            Type 'ResolverSuccess<TFieldValues>' is not assignable to type 'ResolverSuccess<{ price: number; }>'.
              Type 'TFieldValues' is not assignable to type '{ price: number; }'.
                Property 'price' is missing in type 'FieldValues' but required in type '{ price: number; }'.
